exports[`when an error occurs during a request should dispatch a SEARCH_FAILURE action 1`] = `
Object {
  "message": "something broke",
  "response": Object {
    "statusText": "404",
  },
  "type": "SEARCH_FAILURE",
}
`;

exports[`when receiving a set of users should dispatch a SEARCH_SUCCESS action with the necessary data 1`] = `
Object {
  "entities": Object {
    "users": Object {
      "123": Object {
        "id": 123,
        "login": "foo",
        "other": "test",
      },
      "456": Object {
        "id": 456,
        "login": "baz",
        "other": "test",
      },
    },
  },
  "totalResults": 2,
  "type": "SEARCH_SUCCESS",
  "users": Array [
    123,
    456,
  ],
}
`;

exports[`when requesting users via a search term should dispatch a SEARCH_REQUEST action 1`] = `
Object {
  "searchTerm": "tom",
  "type": "SEARCH_REQUEST",
}
`;
