exports[`Component: Result should render 1`] = `
<div>
  <img
    alt="foo"
    className="Result_img_2jlos-o_O-responsiveImg_kiloh9"
    height={140}
    src="src.jpg"
    width={140} />
</div>
`;
