exports[`Screen: SearchScreen pushUrlQuery function should push a search query on the URL 1`] = `
Array [
  Object {
    "path": "/",
    "search": "per_page=45&page=1&q=testing",
  },
]
`;
