// Jest Snapshot v1, https://goo.gl/fbAQLP

exports[`Saga: searchUsers when a request to the API fails should call a failure action 1`] = `
Object {
  "error": true,
  "payload": [Error: it went wrong],
  "type": "SEARCH_FAILURE",
}
`;

exports[`Saga: searchUsers when no cached data exists should call the API and normalize the data 1`] = `
Object {
  "payload": Object {
    "entities": Object {
      "users": Object {
        "123": Object {
          "avatar_url": "foo",
          "id": 123,
          "login": "alecrust",
        },
        "456": Object {
          "avatar_url": "foo",
          "id": 456,
          "login": "tomcanter",
        },
      },
    },
    "pagination": null,
    "result": Array [
      123,
      456,
    ],
    "search": "q=tom",
    "totalResults": 2,
  },
  "type": "SEARCH_SUCCESS",
}
`;
