exports[`Component: SearchForm should render as expected 1`] = `
<form
  onSubmit={[Function]}>
  <label
    className="hiddenVisually_1qrrm43"
    htmlFor="searchInput">
    Search for a user
  </label>
  <input
    className="SearchForm_input_1kxcxy3"
    id="searchInput"
    onChange={[Function]}
    placeholder="Search for a user e.g. tomcanter"
    type="text"
    value="" />
  <button
    type="submit">
    Submit
  </button>
</form>
`;

exports[`Component: SearchForm when the form is submitted and the state has an input value should pass the value to the onSubmit function 1`] = `
Array [
  "test",
]
`;
