// Jest Snapshot v1, https://goo.gl/fbAQLP

exports[`Component: Bio should not render if props is absent 1`] = `null`;

exports[`Component: Bio should render 1`] = `
<p
  className="Bio_ib24lp"
  dangerouslySetInnerHTML={
    Object {
      "__html": "This is some bio text with <a href=\\"http://github.com/link\\">@link</a>",
    }
  }
/>
`;
