// Jest Snapshot v1, https://goo.gl/fbAQLP

exports[`Component: ItemList should render a Loading component when isPending 1`] = `
<div
  className="u-flex u-flexJustifyCenter u-flexAlignItemsCenter"
>
  <svg />
</div>
`;

exports[`Component: ItemList should render components in a list 1`] = `
<ul>
  <li
    className="ItemList_item_dgdnyv"
  >
    <p>
      tom
    </p>
  </li>
  <li
    className="ItemList_item_dgdnyv"
  >
    <p>
      john
    </p>
  </li>
</ul>
`;
