exports[`Component: Pagination when passed a next prop should render a next link 1`] = `
<div
  className="Pagination_2gx8tz">
  <a
    className="Pagination_link_138ujza-o_O-Pagination_next_1j0ix3o"
    href="/?q=tom&page=2"
    onClick={[Function]}
    rel="next">
    <span
      className="Pagination_text_1y2rjbq">
      Next
    </span>
    <svg />
  </a>
</div>
`;

exports[`Component: Pagination when passed a prev and next prop should render a previous and next link 1`] = `
<div
  className="Pagination_2gx8tz">
  <a
    className="Pagination_link_138ujza-o_O-Pagination_prev_yunyae"
    href="/?q=tom&page=1"
    onClick={[Function]}
    rel="previous">
    <svg />
    <span
      className="Pagination_text_1y2rjbq">
      Previous
    </span>
  </a>
  <a
    className="Pagination_link_138ujza-o_O-Pagination_next_1j0ix3o"
    href="/?q=tom&page=2"
    onClick={[Function]}
    rel="next">
    <span
      className="Pagination_text_1y2rjbq">
      Next
    </span>
    <svg />
  </a>
</div>
`;

exports[`Component: Pagination when passed a prev prop should render a previous link 1`] = `
<div
  className="Pagination_2gx8tz">
  <a
    className="Pagination_link_138ujza-o_O-Pagination_prev_yunyae"
    href="/?q=tom&page=1"
    onClick={[Function]}
    rel="previous">
    <svg />
    <span
      className="Pagination_text_1y2rjbq">
      Previous
    </span>
  </a>
</div>
`;
