// Jest Snapshot v1, https://goo.gl/fbAQLP

exports[`Component: Result should render 1`] = `
<a
  className="Result_1ir07ge"
  href="/foo"
  onClick={[Function]}
>
  <div
    className="Image_e296pg"
    style={
      Object {
        "minHeight": 60,
      }
    }
  >
    <img
      alt="foo"
      className="Result_img_gt20ua u-imgResponsive"
      height={140}
      onLoad={[Function]}
      src="src.jpg&s=225"
      width={140}
    />
    <svg />
  </div>
  <div
    className="Result_userInfo_1xrl7m3 userinfo"
  >
    <p
      className="Result_username_nha6dw"
    >
      foo
    </p>
  </div>
</a>
`;
