exports[`Component: Pagination when passed a next prop should render a next link 1`] = `
<div
  className="">
  <div
    className="Container_inner_txqaf5">
    <div
      className="Pagination_2gx8tz">
      <a
        className="Pagination_next_1j0ix3o"
        href="/?q=tom&page=2"
        onClick={[Function]}>
        Next
      </a>
    </div>
  </div>
</div>
`;

exports[`Component: Pagination when passed a prev and next prop should render a previous and next link 1`] = `
<div
  className="">
  <div
    className="Container_inner_txqaf5">
    <div
      className="Pagination_2gx8tz">
      <a
        className="Pagination_prev_yunyae"
        href="/?q=tom&page=1"
        onClick={[Function]}>
        Previous
      </a>
      <a
        className="Pagination_next_1j0ix3o"
        href="/?q=tom&page=2"
        onClick={[Function]}>
        Next
      </a>
    </div>
  </div>
</div>
`;

exports[`Component: Pagination when passed a prev prop should render a previous link 1`] = `
<div
  className="">
  <div
    className="Container_inner_txqaf5">
    <div
      className="Pagination_2gx8tz">
      <a
        className="Pagination_prev_yunyae"
        href="/?q=tom&page=1"
        onClick={[Function]}>
        Previous
      </a>
    </div>
  </div>
</div>
`;
